---
source: truncate_core/src/generation.rs
expression: "format!(\"Board 1 from {bare_seed_1}:\\n{board_one}\\n\\nrerolled to {bare_seed_2}:\\n{board_two}\")"
---
Board 1 from 12345:
~~ ~~ ~~ ~~ ~~ ~~ ~~ ~~ ~~ ~~ ~~ ~~
~~ ~~ ~~ #0 #0 ~~ ~~ ~~ ~~ ~~ ~~ ~~
~~ ~~ |0 __ #0 __ __ ~~ __ ~~ ~~ ~~
~~ ~~ __ __ __ __ __ __ __ __ ~~ ~~
~~ ~~ ~~ __ __ __ __ __ __ __ ~~ ~~
~~ #0 __ __ __ __ __ __ __ __ __ ~~
~~ ~~ __ __ __ __ __ __ __ __ ~~ ~~
~~ ~~ __ __ __ __ __ __ __ ~~ ~~ ~~
~~ ~~ __ __ __ __ __ __ __ ~~ ~~ ~~
~~ ~~ __ ~~ __ __ __ __ __ ~~ ~~ ~~
~~ ~~ ~~ ~~ ~~ ~~ __ __ __ ~~ ~~ ~~
~~ ~~ ~~ ~~ ~~ ~~ #1 ~~ |1 ~~ ~~ ~~
~~ ~~ ~~ ~~ ~~ ~~ ~~ ~~ ~~ ~~ ~~ ~~

rerolled to 17539747:
~~ ~~ ~~ ~~ ~~ ~~ ~~ ~~ ~~ ~~ ~~
~~ ~~ ~~ |0 __ ~~ ~~ ~~ ~~ ~~ ~~
~~ __ __ __ #0 ~~ ~~ ~~ ~~ ~~ ~~
~~ ~~ __ __ __ __ __ ~~ ~~ ~~ ~~
~~ ~~ __ __ __ __ __ __ ~~ ~~ ~~
~~ __ __ __ __ __ __ __ __ ~~ ~~
~~ __ __ __ __ __ __ __ __ ~~ ~~
~~ __ __ __ __ __ __ __ __ #1 ~~
~~ __ __ __ __ __ __ __ __ |1 ~~
~~ ~~ __ __ __ __ __ __ ~~ ~~ ~~
~~ ~~ __ ~~ __ __ ~~ __ ~~ ~~ ~~
~~ ~~ ~~ ~~ ~~ __ __ ~~ ~~ ~~ ~~
~~ ~~ ~~ ~~ ~~ ~~ __ ~~ ~~ ~~ ~~
~~ ~~ ~~ ~~ ~~ ~~ ~~ ~~ ~~ ~~ ~~
