---
source: truncate_core/src/generation.rs
expression: "format!(\"Board 1 from {bare_seed_1}:\\n{board_one}\\n\\nrerolled to {bare_seed_2}:\\n{board_two}\")"
---
Board 1 from 12345:
~~ ~~ ~~ ~~ ~~ ~~ ~~ ~~ ~~ ~~ |1 ~~
~~ ~~ ~~ __ __ __ ~~ __ __ #1 __ ~~
~~ ~~ ~~ __ __ __ ~~ __ __ __ __ ~~
~~ ~~ ~~ __ __ __ ~~ __ __ __ __ ~~
~~ ~~ ~~ __ __ __ __ __ __ __ __ ~~
~~ ~~ ~~ __ __ __ __ __ __ __ __ ~~
~~ __ __ __ __ __ __ __ __ __ __ ~~
~~ __ __ __ __ __ __ __ __ __ __ ~~
~~ #0 __ __ __ __ __ __ ~~ __ __ ~~
|0 __ __ __ __ __ __ __ ~~ ~~ ~~ ~~
~~ ~~ ~~ __ ~~ ~~ ~~ ~~ ~~ ~~ ~~ ~~
~~ ~~ ~~ ~~ ~~ ~~ ~~ ~~ ~~ ~~ ~~ ~~

rerolled to 17539747:
~~ ~~ ~~ ~~ ~~ ~~ ~~ ~~ ~~ ~~ ~~ ~~
~~ ~~ ~~ ~~ __ __ ~~ ~~ ~~ ~~ ~~ ~~
~~ ~~ ~~ ~~ __ ~~ ~~ ~~ ~~ |0 ~~ ~~
~~ ~~ ~~ __ __ __ ~~ ~~ __ __ #0 ~~
~~ ~~ ~~ ~~ __ __ __ __ __ __ __ ~~
~~ ~~ ~~ ~~ __ __ __ __ __ __ __ ~~
~~ ~~ ~~ ~~ ~~ __ __ __ __ __ ~~ ~~
~~ ~~ ~~ ~~ __ __ __ __ __ __ ~~ ~~
~~ #1 __ __ __ __ __ __ __ __ ~~ ~~
~~ __ __ __ __ __ __ ~~ ~~ ~~ ~~ ~~
|1 __ __ __ __ ~~ ~~ ~~ ~~ ~~ ~~ ~~
~~ ~~ ~~ ~~ ~~ ~~ ~~ ~~ ~~ ~~ ~~ ~~
